Microchip MPLAB XC8 Compiler V2.10 ()

Linker command line:

-W-3 --edf=C:\Program Files (x86)\Microchip\xc8\v2.10\pic\dat\en_msgs.txt \
  -cs -h+dist/default/production\LAB4.X.production.sym \
  --cmf=dist/default/production\LAB4.X.production.cmf -z -Q16F887 \
  -oC:\Users\Home\AppData\Local\Temp\s87c.2 --defsym=__MPLAB_BUILD=1 \
  -Mdist/default/production/LAB4.X.production.map -E1 -ver=XC8 --acfsm=1493 \
  -ASTACK=0110h-016Fh -pstack=STACK -ACODE=00h-07FFhx4 -ASTRCODE=00h-01FFFh \
  -ASTRING=00h-0FFhx32 -ACONST=00h-0FFhx32 -AENTRY=00h-0FFhx32 \
  -ACOMMON=070h-07Fh -ABANK0=020h-06Fh -ABANK1=0A0h-0EFh \
  -ABANK2=0110h-016Fh -ABANK3=0190h-01EFh \
  -ARAM=020h-06Fh,0A0h-0EFh,0110h-016Fh,0190h-01EFh \
  -AABS1=020h-07Fh,0A0h-0EFh,0110h-016Fh,0190h-01EFh -ASFR0=00h-01Fh \
  -ASFR1=080h-09Fh -ASFR2=0100h-010Fh -ASFR3=0180h-018Fh \
  -preset_vec=00h,intentry=04h,init,end_init -ppowerup=CODE -pcinit=CODE \
  -pfunctab=ENTRY -ACONFIG=02007h-02008h -pconfig=CONFIG -DCONFIG=2 \
  -AIDLOC=02000h-02003h -pidloc=IDLOC -DIDLOC=2 -AEEDATA=00h-0FFh/02100h \
  -peeprom_data=EEDATA -DEEDATA=2 -DCODE=2 -DSTRCODE=2 -DSTRING=2 -DCONST=2 \
  -DENTRY=2 -k C:\Users\Home\AppData\Local\Temp\s87c.o \
  dist/default/production\LAB4.X.production.o 

Object code version is 3.11

Machine type is 16F887



                Name                               Link     Load   Length Selector   Space Scale
C:\Users\Home\AppData\Local\Temp\s87c.o
                end_init                              C        C        3        8       0
                reset_vec                             0        0        3        0       0
                config                             2007     2007        2     400E       0
dist/default/production\LAB4.X.production.o
                cinit                                 F        F       23        8       0
                intentry                              4        4        8        8       0
                text16                              BF3      BF3        F     17E6       0
                text15                              61B      61B      1DD        8       0
                text14                              C9F      C9F       29     193E       0
                text13                               32       32      361        8       0
                text12                              393      393      288        8       0
                text11                              C2F      C2F       24     185E       0
                text10                              D01      D01       7C     1A02       0
                text9                               C53      C53       25     18A6       0
                text8                               D7D      D7D       BC     1AFA       0
                text7                               C18      C18       17     1830       0
                text6                               CC8      CC8       39     1990       0
                text5                               C02      C02       16     1804       0
                text4                               C78      C78       27     18F0       0
                text3                               BE3      BE3        7     17C6       0
                text2                               BEA      BEA        9     17D4       0
                text1                               BDD      BDD        6     17BA       0
                maintext                            E39      E39      1C7     1C72       0
                cstackBANK0                          20       20       30       20       1
                cstackCOMMON                         70       70        A       70       1
                cstackBANK1                          A8       A8        2       A0       1
                clrtext                             7F8      7F8        8        8       0
                bssBANK1                             A0       A0        8       A0       1
                dataBANK0                            6D       6D        2       20       1
                bssBANK0                             50       50       1D       20       1
                bssCOMMON                            7A       7A        2       70       1
                idataBANK0                          BDB      BDB        2     17B6       0

TOTAL           Name                               Link     Load   Length     Space
        CLASS   STACK          

        CLASS   CODE           
                end_init                              C        C        3         0
                cinit                                 F        F       23         0
                intentry                              4        4        8         0
                reset_vec                             0        0        3         0
                text16                              BF3      BF3        F         0
                text15                              61B      61B      1DD         0
                text14                              C9F      C9F       29         0
                text13                               32       32      361         0
                text12                              393      393      288         0
                text11                              C2F      C2F       24         0
                text10                              D01      D01       7C         0
                text9                               C53      C53       25         0
                text8                               D7D      D7D       BC         0
                text7                               C18      C18       17         0
                text6                               CC8      CC8       39         0
                text5                               C02      C02       16         0
                text4                               C78      C78       27         0
                text3                               BE3      BE3        7         0
                text2                               BEA      BEA        9         0
                text1                               BDD      BDD        6         0
                maintext                            E39      E39      1C7         0
                clrtext                             7F8      7F8        8         0
                idataBANK0                          BDB      BDB        2         0

        CLASS   STRCODE        

        CLASS   STRING         

        CLASS   CONST          

        CLASS   ENTRY          

        CLASS   COMMON         
                cstackCOMMON                         70       70        A         1
                bssCOMMON                            7A       7A        2         1

        CLASS   BANK0          
                cstackBANK0                          20       20       30         1
                dataBANK0                            6D       6D        2         1
                bssBANK0                             50       50       1D         1

        CLASS   BANK1          
                cstackBANK1                          A8       A8        2         1
                bssBANK1                             A0       A0        8         1

        CLASS   BANK2          

        CLASS   BANK3          

        CLASS   RAM            

        CLASS   ABS1           
                abs_s1                               7E       7E        2         1

        CLASS   SFR0           

        CLASS   SFR1           

        CLASS   SFR2           

        CLASS   SFR3           

        CLASS   CONFIG         
                config                             2007     2007        2         0

        CLASS   IDLOC          

        CLASS   EEDATA         



SEGMENTS        Name                           Load    Length   Top    Selector   Space  Class     Delta

                reset_vec                      000000  000003  000003         0       0  CODE        2
                intentry                       000004  0007FC  000800         8       0  CODE        2
                cstackBANK0                    000020  00004F  00006F        20       1  BANK0       1
                cstackCOMMON                   000070  00000C  00007C        70       1  COMMON      1
                bssBANK1                       0000A0  00000A  0000AA        A0       1  BANK1       1
                idataBANK0                     000BDB  000002  000BDD      17B6       0  CODE        2
                text1                          000BDD  000006  000BE3      17BA       0  CODE        2
                text3                          000BE3  000007  000BEA      17C6       0  CODE        2
                text2                          000BEA  000009  000BF3      17D4       0  CODE        2
                text16                         000BF3  00000F  000C02      17E6       0  CODE        2
                text5                          000C02  000016  000C18      1804       0  CODE        2
                text7                          000C18  000017  000C2F      1830       0  CODE        2
                text11                         000C2F  000024  000C53      185E       0  CODE        2
                text9                          000C53  000025  000C78      18A6       0  CODE        2
                text4                          000C78  000027  000C9F      18F0       0  CODE        2
                text14                         000C9F  000029  000CC8      193E       0  CODE        2
                text6                          000CC8  000039  000D01      1990       0  CODE        2
                text10                         000D01  00007C  000D7D      1A02       0  CODE        2
                text8                          000D7D  0000BC  000E39      1AFA       0  CODE        2
                maintext                       000E39  0001C7  001000      1C72       0  CODE        2
                config                         002007  000002  002009      400E       0  CONFIG      2


UNUSED ADDRESS RANGES

        Name                Unused          Largest block    Delta
        BANK0            006F-006F              1           1
        BANK1            00AA-00EF             46           1
        BANK2            0110-016F             60           1
        BANK3            0190-01EF             60           1
        CODE             0003-0003              1           2
                         0800-0BDA            3DB
                         1000-1FFF            800
        COMMON           007C-007D              2           1
        CONST            0003-0003              1           2
                         0800-0BDA            100
                         1000-1FFF            100
        EEDATA           2100-21FF            100           2
        ENTRY            0003-0003              1           2
                         0800-0BDA            100
                         1000-1FFF            100
        IDLOC            2000-2003              4           2
        RAM              006F-006F              1           1
                         00AA-00EF             46
                         0110-016F             60
                         0190-01EF             60
        SFR0             0000-001F             20           1
        SFR1             0080-009F             20           1
        SFR2             0100-010F             10           1
        SFR3             0180-018F             10           1
        STACK            0110-016F             60           1
        STRCODE          0003-0003              1           2
                         0800-0BDA            3DB
                         1000-1FFF           1000
        STRING           0003-0003              1           2
                         0800-0BDA            100
                         1000-1FFF            100

                                  Symbol Table

?__Umul8_16               cstackCOMMON 0072
?___fladd                 cstackCOMMON 0072
?___fldiv                 cstackBANK0  002E
?___flmul                 cstackBANK0  0036
?___flsub                 cstackBANK0  002E
?___fltol                 cstackCOMMON 0072
?___wmul                  cstackCOMMON 0072
?___xxtofl                cstackBANK0  0020
_ADCON0bits               (abs)        001F
_ADCON1bits               (abs)        009F
_ANSEL                    (abs)        0188
_ANSELH                   (abs)        0189
_ANSELbits                (abs)        0188
_BAUDCTLbits              (abs)        0187
_DECIMAL1                 bssBANK0     0054
_DECIMAL2                 bssBANK0     0050
_INTCONbits               (abs)        000B
_ISR                      text16       0BF3
_PIE1bits                 (abs)        008C
_PIR1bits                 (abs)        000C
_PORTB                    (abs)        0006
_PORTD                    (abs)        0008
_POT1                     bssCOMMON    007B
_POT2                     bssCOMMON    007A
_RCIF                     (abs)        0065
_RCREG                    (abs)        001A
_RCSTA                    (abs)        0018
_SPBRG                    (abs)        0099
_SSPBUF                   (abs)        0013
_SSPCON                   (abs)        0014
_SSPSTAT                  (abs)        0094
_SSPSTATbits              (abs)        0094
_Sensor12                 bssBANK0     005C
_Sensor22                 bssBANK0     0058
_TRISAbits                (abs)        0085
_TRISB                    (abs)        0086
_TRISC                    (abs)        0087
_TRISC2                   (abs)        043A
_TRISC3                   (abs)        043B
_TRISC5                   (abs)        043D
_TRISD                    (abs)        0088
_TXREG                    (abs)        0019
_TXSTA                    (abs)        0098
_TXSTAbits                (abs)        0098
__CFG_BOR4V$BOR40V        (abs)        0000
__CFG_BOREN$OFF           (abs)        0000
__CFG_CP$OFF              (abs)        0000
__CFG_CPD$OFF             (abs)        0000
__CFG_FCMEN$OFF           (abs)        0000
__CFG_FOSC$INTRC_NOCLKOUT (abs)        0000
__CFG_IESO$OFF            (abs)        0000
__CFG_LVP$OFF             (abs)        0000
__CFG_MCLRE$OFF           (abs)        0000
__CFG_PWRTE$OFF           (abs)        0000
__CFG_WDTE$OFF            (abs)        0000
__CFG_WRT$OFF             (abs)        0000
__Habs1                   abs1         0000
__Hbank0                  bank0        0000
__Hbank1                  bank1        0000
__Hbank2                  bank2        0000
__Hbank3                  bank3        0000
__HbssBANK0               bssBANK0     0000
__HbssBANK1               bssBANK1     0000
__HbssCOMMON              bssCOMMON    0000
__Hcinit                  cinit        0032
__Hclrtext                clrtext      0000
__Hcode                   code         0000
__Hcommon                 common       0000
__Hconfig                 config       2009
__HcstackBANK0            cstackBANK0  0000
__HcstackBANK1            cstackBANK1  0000
__HcstackCOMMON           cstackCOMMON 0000
__HdataBANK0              dataBANK0    0000
__Heeprom_data            eeprom_data  0000
__Hend_init               end_init     000F
__Hfunctab                functab      0000
__HidataBANK0             idataBANK0   0000
__Hidloc                  idloc        0000
__Hinit                   init         000C
__Hintentry               intentry     000C
__Hmaintext               maintext     0000
__Hpowerup                powerup      0000
__Hram                    ram          0000
__Hreset_vec              reset_vec    0003
__Hsfr0                   sfr0         0000
__Hsfr1                   sfr1         0000
__Hsfr2                   sfr2         0000
__Hsfr3                   sfr3         0000
__Hspace_0                (abs)        2009
__Hspace_1                (abs)        00AA
__Hspace_2                (abs)        0000
__Hspace_3                (abs)        0000
__Hstack                  stack        0000
__Hstrings                strings      0000
__Htext                   text         0000
__Labs1                   abs1         0000
__Lbank0                  bank0        0000
__Lbank1                  bank1        0000
__Lbank2                  bank2        0000
__Lbank3                  bank3        0000
__LbssBANK0               bssBANK0     0000
__LbssBANK1               bssBANK1     0000
__LbssCOMMON              bssCOMMON    0000
__Lcinit                  cinit        000F
__Lclrtext                clrtext      0000
__Lcode                   code         0000
__Lcommon                 common       0000
__Lconfig                 config       2007
__LcstackBANK0            cstackBANK0  0000
__LcstackBANK1            cstackBANK1  0000
__LcstackCOMMON           cstackCOMMON 0000
__LdataBANK0              dataBANK0    0000
__Leeprom_data            eeprom_data  0000
__Lend_init               end_init     000C
__Lfunctab                functab      0000
__LidataBANK0             idataBANK0   0000
__Lidloc                  idloc        0000
__Linit                   init         000C
__Lintentry               intentry     0004
__Lmaintext               maintext     0000
__Lpowerup                powerup      0000
__Lram                    ram          0000
__Lreset_vec              reset_vec    0000
__Lsfr0                   sfr0         0000
__Lsfr1                   sfr1         0000
__Lsfr2                   sfr2         0000
__Lsfr3                   sfr3         0000
__Lspace_0                (abs)        0000
__Lspace_1                (abs)        0000
__Lspace_2                (abs)        0000
__Lspace_3                (abs)        0000
__Lstack                  stack        0000
__Lstrings                strings      0000
__Ltext                   text         0000
__S0                      (abs)        2009
__S1                      (abs)        00AA
__S2                      (abs)        0000
__S3                      (abs)        0000
__Umul8_16                text14       0C9F
__Umul8_16@multiplicand   cstackCOMMON 0072
__Umul8_16@multiplier     cstackBANK0  0024
__Umul8_16@product        cstackBANK0  0020
__Umul8_16@word_mpld      cstackBANK0  0022
___fladd                  text12       0393
___fladd@a                cstackCOMMON 0076
___fladd@aexp             cstackBANK0  0029
___fladd@b                cstackCOMMON 0072
___fladd@bexp             cstackBANK0  002A
___fladd@grs              cstackBANK0  002B
___fladd@signs            cstackBANK0  0028
___fldiv                  text15       061B
___fldiv@a                cstackBANK0  002E
___fldiv@aexp             cstackBANK0  0047
___fldiv@b                cstackBANK0  0032
___fldiv@bexp             cstackBANK0  0046
___fldiv@grs              cstackBANK0  0042
___fldiv@new_exp          cstackBANK0  0040
___fldiv@rem              cstackBANK0  003B
___fldiv@sign             cstackBANK0  003F
___flmul                  text13       0032
___flmul@a                cstackBANK0  003A
___flmul@aexp             cstackBANK0  0044
___flmul@b                cstackBANK0  0036
___flmul@bexp             cstackBANK0  0049
___flmul@grs              cstackBANK0  0045
___flmul@prod             cstackBANK0  004A
___flmul@sign             cstackBANK0  0043
___flmul@temp             cstackBANK0  004E
___flsub                  text11       0C2F
___flsub@a                cstackBANK0  002E
___flsub@b                cstackBANK0  0032
___fltol                  text10       0D01
___fltol@exp1             cstackCOMMON 0077
___fltol@f1               cstackCOMMON 0072
___fltol@sign1            cstackCOMMON 0076
___int_sp                 stack        0000
___latbits                (abs)        0002
___sp                     stack        0000
___stackhi                (abs)        0000
___stacklo                (abs)        0000
___wmul                   text9        0C53
___wmul@multiplicand      cstackCOMMON 0074
___wmul@multiplier        cstackCOMMON 0072
___wmul@product           cstackCOMMON 0076
___xxtofl                 text8        0D7D
___xxtofl@arg             cstackBANK0  002A
___xxtofl@exp             cstackBANK0  0029
___xxtofl@sign            cstackBANK0  0028
___xxtofl@val             cstackBANK0  0020
__end_of_ISR              text16       0C02
__end_of__Umul8_16        text14       0CC8
__end_of___fladd          text12       061B
__end_of___fldiv          text15       07F8
__end_of___flmul          text13       0393
__end_of___flsub          text11       0C53
__end_of___fltol          text10       0D7D
__end_of___wmul           text9        0C78
__end_of___xxtofl         text8        0E39
__end_of__initialization  cinit        002E
__end_of_configSerial     text6        0D01
__end_of_enviarSerial     text7        0C2F
__end_of_main             maintext     1000
__end_of_setup            text4        0C9F
__end_of_spiInit          text5        0C18
__end_of_spiRead          text2        0BF3
__end_of_spiReceiveWait   text3        0BEA
__end_of_spiWrite         text1        0BE3
__initialization          cinit        000F
__pbssBANK0               bssBANK0     0050
__pbssBANK1               bssBANK1     00A0
__pbssCOMMON              bssCOMMON    007A
__pcstackBANK0            cstackBANK0  0020
__pcstackBANK1            cstackBANK1  00A8
__pcstackCOMMON           cstackCOMMON 0070
__pdataBANK0              dataBANK0    006D
__pidataBANK0             idataBANK0   0BDB
__pintentry               intentry     0004
__pmaintext               maintext     0E39
__ptext1                  text1        0BDD
__ptext10                 text10       0D01
__ptext11                 text11       0C2F
__ptext12                 text12       0393
__ptext13                 text13       0032
__ptext14                 text14       0C9F
__ptext15                 text15       061B
__ptext16                 text16       0BF3
__ptext2                  text2        0BEA
__ptext3                  text3        0BE3
__ptext4                  text4        0C78
__ptext5                  text5        0C02
__ptext6                  text6        0CC8
__ptext7                  text7        0C18
__ptext8                  text8        0D7D
__ptext9                  text9        0C53
__size_of_ISR             (abs)        0000
__size_of__Umul8_16       (abs)        0000
__size_of___fladd         (abs)        0000
__size_of___fldiv         (abs)        0000
__size_of___flmul         (abs)        0000
__size_of___flsub         (abs)        0000
__size_of___fltol         (abs)        0000
__size_of___wmul          (abs)        0000
__size_of___xxtofl        (abs)        0000
__size_of_configSerial    (abs)        0000
__size_of_enviarSerial    (abs)        0000
__size_of_main            (abs)        0000
__size_of_setup           (abs)        0000
__size_of_spiInit         (abs)        0000
__size_of_spiRead         (abs)        0000
__size_of_spiReceiveWait  (abs)        0000
__size_of_spiWrite        (abs)        0000
_configSerial             text6        0CC8
_decimal1                 bssBANK0     0062
_decimal2                 bssBANK0     0060
_entero1                  bssBANK0     0066
_entero2                  bssBANK0     0064
_enviarSerial             text7        0C18
_main                     maintext     0E39
_setup                    text4        0C78
_spiInit                  text5        0C02
_spiRead                  text2        0BEA
_spiReceiveWait           text3        0BE3
_spiWrite                 text1        0BDD
btemp                     (abs)        007E
clear_ram0                clrtext      07F8
configSerial@baudrate     cstackCOMMON 0072
end_of_initialization     cinit        002E
enviarSerial@data         cstackCOMMON 0074
interrupt_function        intentry     0004
intlevel0                 functab      0000
intlevel1                 functab      0000
intlevel2                 functab      0000
intlevel3                 functab      0000
intlevel4                 functab      0000
intlevel5                 functab      0000
reset_vec                 reset_vec    0000
saved_w                   (abs)        007E
spiInit@sClockIdle        cstackCOMMON 0073
spiInit@sDataSample       cstackCOMMON 0072
spiInit@sTransmitEdge     cstackCOMMON 0074
spiInit@sType             cstackCOMMON 0075
spiWrite@dat              cstackCOMMON 0072
start                     init         000C
start_initialization      cinit        000F
wtemp0                    (abs)        007E


FUNCTION INFORMATION:

 *************** function _main *****************
 Defined at:
		line 72 in file "MAIN.c"
 Parameters:    Size  Location     Type
		None
 Auto vars:     Size  Location     Type
		None
 Return value:  Size  Location     Type
                  1    wreg      void 
 Registers used:
		wreg, status,2, status,0, btemp+1, pclath, cstack
 Tracked objects:
		On entry : 
		On exit  : 
		Unchanged: 
 Data sizes:     COMMON   BANK0   BANK1   BANK3   BANK2
      Params:         0       0       0       0       0
      Locals:         0       0       0       0       0
      Temps:          0       0       2       0       0
      Totals:         0       0       2       0       0
Total ram usage:        2 bytes
 Hardware stack levels required when called:    3
 This function calls:
		___fldiv
		___flmul
		___flsub
		___fltol
		___wmul
		___xxtofl
		_enviarSerial
		_setup
		_spiRead
		_spiWrite
 This function is called by:
		Startup code after reset
 This function uses a non-reentrant model


 *************** function _spiWrite *****************
 Defined at:
		line 34 in file "SPI.c"
 Parameters:    Size  Location     Type
  dat             1    wreg     unsigned char 
 Auto vars:     Size  Location     Type
  dat             1    2[COMMON] unsigned char 
 Return value:  Size  Location     Type
                  1    wreg      void 
 Registers used:
		wreg
 Tracked objects:
		On entry : 
		On exit  : 
		Unchanged: 
 Data sizes:     COMMON   BANK0   BANK1   BANK3   BANK2
      Params:         0       0       0       0       0
      Locals:         1       0       0       0       0
      Temps:          0       0       0       0       0
      Totals:         1       0       0       0       0
Total ram usage:        1 bytes
 Hardware stack levels used:    1
 Hardware stack levels required when called:    1
 This function calls:
		Nothing
 This function is called by:
		_main
 This function uses a non-reentrant model


 *************** function _spiRead *****************
 Defined at:
		line 47 in file "SPI.c"
 Parameters:    Size  Location     Type
		None
 Auto vars:     Size  Location     Type
		None
 Return value:  Size  Location     Type
                  1    wreg      unsigned char 
 Registers used:
		wreg, status,2, status,0, pclath, cstack
 Tracked objects:
		On entry : 
		On exit  : 
		Unchanged: 
 Data sizes:     COMMON   BANK0   BANK1   BANK3   BANK2
      Params:         0       0       0       0       0
      Locals:         0       0       0       0       0
      Temps:          0       0       0       0       0
      Totals:         0       0       0       0       0
Total ram usage:        0 bytes
 Hardware stack levels used:    1
 Hardware stack levels required when called:    2
 This function calls:
		_spiReceiveWait
 This function is called by:
		_main
 This function uses a non-reentrant model


 *************** function _spiReceiveWait *****************
 Defined at:
		line 29 in file "SPI.c"
 Parameters:    Size  Location     Type
		None
 Auto vars:     Size  Location     Type
		None
 Return value:  Size  Location     Type
                  1    wreg      void 
 Registers used:
		None
 Tracked objects:
		On entry : 
		On exit  : 
		Unchanged: 
 Data sizes:     COMMON   BANK0   BANK1   BANK3   BANK2
      Params:         0       0       0       0       0
      Locals:         0       0       0       0       0
      Temps:          0       0       0       0       0
      Totals:         0       0       0       0       0
Total ram usage:        0 bytes
 Hardware stack levels used:    1
 Hardware stack levels required when called:    1
 This function calls:
		Nothing
 This function is called by:
		_spiRead
 This function uses a non-reentrant model


 *************** function _setup *****************
 Defined at:
		line 127 in file "MAIN.c"
 Parameters:    Size  Location     Type
		None
 Auto vars:     Size  Location     Type
		None
 Return value:  Size  Location     Type
                  1    wreg      void 
 Registers used:
		wreg, status,2, status,0, pclath, cstack
 Tracked objects:
		On entry : 
		On exit  : 
		Unchanged: 
 Data sizes:     COMMON   BANK0   BANK1   BANK3   BANK2
      Params:         0       0       0       0       0
      Locals:         0       0       0       0       0
      Temps:          0       0       0       0       0
      Totals:         0       0       0       0       0
Total ram usage:        0 bytes
 Hardware stack levels used:    1
 Hardware stack levels required when called:    2
 This function calls:
		_configSerial
		_spiInit
 This function is called by:
		_main
 This function uses a non-reentrant model


 *************** function _spiInit *****************
 Defined at:
		line 12 in file "SPI.c"
 Parameters:    Size  Location     Type
  sType           1    wreg     enum E1264
  sDataSample     1    2[COMMON] enum E1272
  sClockIdle      1    3[COMMON] enum E1276
  sTransmitEdg    1    4[COMMON] enum E1280
 Auto vars:     Size  Location     Type
  sType           1    5[COMMON] enum E1264
 Return value:  Size  Location     Type
                  1    wreg      void 
 Registers used:
		wreg, status,2, status,0
 Tracked objects:
		On entry : 
		On exit  : 
		Unchanged: 
 Data sizes:     COMMON   BANK0   BANK1   BANK3   BANK2
      Params:         3       0       0       0       0
      Locals:         1       0       0       0       0
      Temps:          0       0       0       0       0
      Totals:         4       0       0       0       0
Total ram usage:        4 bytes
 Hardware stack levels used:    1
 Hardware stack levels required when called:    1
 This function calls:
		Nothing
 This function is called by:
		_setup
 This function uses a non-reentrant model


 *************** function _configSerial *****************
 Defined at:
		line 5 in file "SERIAL.c"
 Parameters:    Size  Location     Type
  baudrate        2    2[COMMON] int 
 Auto vars:     Size  Location     Type
		None
 Return value:  Size  Location     Type
                  1    wreg      void 
 Registers used:
		wreg, status,2, status,0
 Tracked objects:
		On entry : 
		On exit  : 
		Unchanged: 
 Data sizes:     COMMON   BANK0   BANK1   BANK3   BANK2
      Params:         2       0       0       0       0
      Locals:         0       0       0       0       0
      Temps:          0       0       0       0       0
      Totals:         2       0       0       0       0
Total ram usage:        2 bytes
 Hardware stack levels used:    1
 Hardware stack levels required when called:    1
 This function calls:
		Nothing
 This function is called by:
		_setup
 This function uses a non-reentrant model


 *************** function _enviarSerial *****************
 Defined at:
		line 30 in file "SERIAL.c"
 Parameters:    Size  Location     Type
  data            1    wreg     unsigned char 
 Auto vars:     Size  Location     Type
  data            1    4[COMMON] unsigned char 
 Return value:  Size  Location     Type
                  1    wreg      void 
 Registers used:
		wreg
 Tracked objects:
		On entry : 
		On exit  : 
		Unchanged: 
 Data sizes:     COMMON   BANK0   BANK1   BANK3   BANK2
      Params:         0       0       0       0       0
      Locals:         1       0       0       0       0
      Temps:          2       0       0       0       0
      Totals:         3       0       0       0       0
Total ram usage:        3 bytes
 Hardware stack levels used:    1
 Hardware stack levels required when called:    1
 This function calls:
		Nothing
 This function is called by:
		_main
 This function uses a non-reentrant model


 *************** function ___xxtofl *****************
 Defined at:
		line 10 in file "C:\Program Files (x86)\Microchip\xc8\v2.10\pic\sources\c90\common\xxtofl.c"
 Parameters:    Size  Location     Type
  sign            1    wreg     unsigned char 
  val             4    0[BANK0 ] long 
 Auto vars:     Size  Location     Type
  sign            1    8[BANK0 ] unsigned char 
  arg             4   10[BANK0 ] unsigned long 
  exp             1    9[BANK0 ] unsigned char 
 Return value:  Size  Location     Type
                  4    0[BANK0 ] unsigned char 
 Registers used:
		wreg, status,2, status,0
 Tracked objects:
		On entry : 
		On exit  : 
		Unchanged: 
 Data sizes:     COMMON   BANK0   BANK1   BANK3   BANK2
      Params:         0       4       0       0       0
      Locals:         0       6       0       0       0
      Temps:          0       4       0       0       0
      Totals:         0      14       0       0       0
Total ram usage:       14 bytes
 Hardware stack levels used:    1
 Hardware stack levels required when called:    1
 This function calls:
		Nothing
 This function is called by:
		_main
 This function uses a non-reentrant model


 *************** function ___wmul *****************
 Defined at:
		line 15 in file "C:\Program Files (x86)\Microchip\xc8\v2.10\pic\sources\c90\common\Umul16.c"
 Parameters:    Size  Location     Type
  multiplier      2    2[COMMON] unsigned int 
  multiplicand    2    4[COMMON] unsigned int 
 Auto vars:     Size  Location     Type
  product         2    6[COMMON] unsigned int 
 Return value:  Size  Location     Type
                  2    2[COMMON] unsigned int 
 Registers used:
		wreg, status,2, status,0
 Tracked objects:
		On entry : 
		On exit  : 
		Unchanged: 
 Data sizes:     COMMON   BANK0   BANK1   BANK3   BANK2
      Params:         4       0       0       0       0
      Locals:         2       0       0       0       0
      Temps:          0       0       0       0       0
      Totals:         6       0       0       0       0
Total ram usage:        6 bytes
 Hardware stack levels used:    1
 Hardware stack levels required when called:    1
 This function calls:
		Nothing
 This function is called by:
		_main
 This function uses a non-reentrant model


 *************** function ___fltol *****************
 Defined at:
		line 43 in file "C:\Program Files (x86)\Microchip\xc8\v2.10\pic\sources\c90\common\fltol.c"
 Parameters:    Size  Location     Type
  f1              4    2[COMMON] unsigned int 
 Auto vars:     Size  Location     Type
  exp1            1    7[COMMON] unsigned char 
  sign1           1    6[COMMON] unsigned char 
 Return value:  Size  Location     Type
                  4    2[COMMON] long 
 Registers used:
		wreg, status,2, status,0
 Tracked objects:
		On entry : 
		On exit  : 
		Unchanged: 
 Data sizes:     COMMON   BANK0   BANK1   BANK3   BANK2
      Params:         4       0       0       0       0
      Locals:         2       0       0       0       0
      Temps:          0       5       0       0       0
      Totals:         6       5       0       0       0
Total ram usage:       11 bytes
 Hardware stack levels used:    1
 Hardware stack levels required when called:    1
 This function calls:
		Nothing
 This function is called by:
		_main
 This function uses a non-reentrant model


 *************** function ___flsub *****************
 Defined at:
		line 242 in file "C:\Program Files (x86)\Microchip\xc8\v2.10\pic\sources\c90\common\sprcadd.c"
 Parameters:    Size  Location     Type
  a               4   14[BANK0 ] long 
  b               4   18[BANK0 ] long 
 Auto vars:     Size  Location     Type
		None
 Return value:  Size  Location     Type
                  4   14[BANK0 ] long 
 Registers used:
		wreg, status,2, status,0, btemp+1, pclath, cstack
 Tracked objects:
		On entry : 
		On exit  : 
		Unchanged: 
 Data sizes:     COMMON   BANK0   BANK1   BANK3   BANK2
      Params:         0       8       0       0       0
      Locals:         0       0       0       0       0
      Temps:          0       0       0       0       0
      Totals:         0       8       0       0       0
Total ram usage:        8 bytes
 Hardware stack levels used:    1
 Hardware stack levels required when called:    2
 This function calls:
		___fladd
 This function is called by:
		_main
 This function uses a non-reentrant model


 *************** function ___fladd *****************
 Defined at:
		line 10 in file "C:\Program Files (x86)\Microchip\xc8\v2.10\pic\sources\c90\common\sprcadd.c"
 Parameters:    Size  Location     Type
  b               4    2[COMMON] long 
  a               4    6[COMMON] long 
 Auto vars:     Size  Location     Type
  grs             1   11[BANK0 ] unsigned char 
  bexp            1   10[BANK0 ] unsigned char 
  aexp            1    9[BANK0 ] unsigned char 
  signs           1    8[BANK0 ] unsigned char 
 Return value:  Size  Location     Type
                  4    2[COMMON] unsigned char 
 Registers used:
		wreg, status,2, status,0, btemp+1
 Tracked objects:
		On entry : 
		On exit  : 
		Unchanged: 
 Data sizes:     COMMON   BANK0   BANK1   BANK3   BANK2
      Params:         8       0       0       0       0
      Locals:         0       4       0       0       0
      Temps:          0       8       0       0       0
      Totals:         8      12       0       0       0
Total ram usage:       20 bytes
 Hardware stack levels used:    1
 Hardware stack levels required when called:    1
 This function calls:
		Nothing
 This function is called by:
		___flsub
 This function uses a non-reentrant model


 *************** function ___flmul *****************
 Defined at:
		line 8 in file "C:\Program Files (x86)\Microchip\xc8\v2.10\pic\sources\c90\common\sprcmul.c"
 Parameters:    Size  Location     Type
  b               4   22[BANK0 ] unsigned char 
  a               4   26[BANK0 ] unsigned char 
 Auto vars:     Size  Location     Type
  prod            4   42[BANK0 ] struct .
  grs             4   37[BANK0 ] unsigned long 
  temp            2   46[BANK0 ] struct .
  bexp            1   41[BANK0 ] unsigned char 
  aexp            1   36[BANK0 ] unsigned char 
  sign            1   35[BANK0 ] unsigned char 
 Return value:  Size  Location     Type
                  4   22[BANK0 ] unsigned char 
 Registers used:
		wreg, status,2, status,0, btemp+1, pclath, cstack
 Tracked objects:
		On entry : 
		On exit  : 
		Unchanged: 
 Data sizes:     COMMON   BANK0   BANK1   BANK3   BANK2
      Params:         0       8       0       0       0
      Locals:         0      13       0       0       0
      Temps:          0       5       0       0       0
      Totals:         0      26       0       0       0
Total ram usage:       26 bytes
 Hardware stack levels used:    1
 Hardware stack levels required when called:    2
 This function calls:
		__Umul8_16
 This function is called by:
		_main
 This function uses a non-reentrant model


 *************** function __Umul8_16 *****************
 Defined at:
		line 4 in file "C:\Program Files (x86)\Microchip\xc8\v2.10\pic\sources\c90\common\Umul8_16.c"
 Parameters:    Size  Location     Type
  multiplier      1    wreg     unsigned char 
  multiplicand    1    2[COMMON] unsigned char 
 Auto vars:     Size  Location     Type
  multiplier      1    4[BANK0 ] unsigned char 
  word_mpld       2    2[BANK0 ] unsigned int 
  product         2    0[BANK0 ] unsigned int 
 Return value:  Size  Location     Type
                  2    2[COMMON] unsigned int 
 Registers used:
		wreg, status,2, status,0
 Tracked objects:
		On entry : 
		On exit  : 
		Unchanged: 
 Data sizes:     COMMON   BANK0   BANK1   BANK3   BANK2
      Params:         2       0       0       0       0
      Locals:         0       5       0       0       0
      Temps:          2       0       0       0       0
      Totals:         4       5       0       0       0
Total ram usage:        9 bytes
 Hardware stack levels used:    1
 Hardware stack levels required when called:    1
 This function calls:
		Nothing
 This function is called by:
		___flmul
 This function uses a non-reentrant model


 *************** function ___fldiv *****************
 Defined at:
		line 8 in file "C:\Program Files (x86)\Microchip\xc8\v2.10\pic\sources\c90\common\sprcdiv.c"
 Parameters:    Size  Location     Type
  a               4   14[BANK0 ] unsigned int 
  b               4   18[BANK0 ] unsigned int 
 Auto vars:     Size  Location     Type
  grs             4   34[BANK0 ] unsigned long 
  rem             4   27[BANK0 ] unsigned long 
  new_exp         2   32[BANK0 ] int 
  aexp            1   39[BANK0 ] unsigned char 
  bexp            1   38[BANK0 ] unsigned char 
  sign            1   31[BANK0 ] unsigned char 
 Return value:  Size  Location     Type
                  4   14[BANK0 ] unsigned char 
 Registers used:
		wreg, status,2, status,0, btemp+1
 Tracked objects:
		On entry : 
		On exit  : 
		Unchanged: 
 Data sizes:     COMMON   BANK0   BANK1   BANK3   BANK2
      Params:         0       8       0       0       0
      Locals:         0      13       0       0       0
      Temps:          0       5       0       0       0
      Totals:         0      26       0       0       0
Total ram usage:       26 bytes
 Hardware stack levels used:    1
 Hardware stack levels required when called:    1
 This function calls:
		Nothing
 This function is called by:
		_main
 This function uses a non-reentrant model


 *************** function _ISR *****************
 Defined at:
		line 65 in file "MAIN.c"
 Parameters:    Size  Location     Type
		None
 Auto vars:     Size  Location     Type
		None
 Return value:  Size  Location     Type
                  1    wreg      void 
 Registers used:
		wreg
 Tracked objects:
		On entry : 
		On exit  : 
		Unchanged: 
 Data sizes:     COMMON   BANK0   BANK1   BANK3   BANK2
      Params:         0       0       0       0       0
      Locals:         0       0       0       0       0
      Temps:          2       0       0       0       0
      Totals:         2       0       0       0       0
Total ram usage:        2 bytes
 Hardware stack levels used:    1
 This function calls:
		Nothing
 This function is called by:
		Interrupt level 1
 This function uses a non-reentrant model



MODULE INFORMATION

Module		Function		Class		Link	Load	Size
C:\Program Files (x86)\Microchip\xc8\v2.10\pic\sources\c90\common\fltol.c
		___fltol       		CODE           	0D01	0000	125

C:\Program Files (x86)\Microchip\xc8\v2.10\pic\sources\c90\common\fltol.c estimated size: 125

SERIAL.c
		_configSerial  		CODE           	0CC8	0000	58
		_enviarSerial  		CODE           	0C18	0000	24

SERIAL.c estimated size: 82

C:\Program Files (x86)\Microchip\xc8\v2.10\pic\sources\c90\common\Umul16.c
		___wmul        		CODE           	0C53	0000	38

C:\Program Files (x86)\Microchip\xc8\v2.10\pic\sources\c90\common\Umul16.c estimated size: 38

C:\Program Files (x86)\Microchip\xc8\v2.10\pic\sources\c90\common\sprcmul.c
		___flmul       		CODE           	0032	0000	866

C:\Program Files (x86)\Microchip\xc8\v2.10\pic\sources\c90\common\sprcmul.c estimated size: 866

C:\Program Files (x86)\Microchip\xc8\v2.10\pic\sources\c90\common\Umul8_16.c
		__Umul8_16     		CODE           	0C9F	0000	42

C:\Program Files (x86)\Microchip\xc8\v2.10\pic\sources\c90\common\Umul8_16.c estimated size: 42

C:\Program Files (x86)\Microchip\xc8\v2.10\pic\sources\c90\common\sprcdiv.c
		___fldiv       		CODE           	061B	0000	478

C:\Program Files (x86)\Microchip\xc8\v2.10\pic\sources\c90\common\sprcdiv.c estimated size: 478

C:\Program Files (x86)\Microchip\xc8\v2.10\pic\sources\c90\common\xxtofl.c
		___xxtofl      		CODE           	0D7D	0000	189

C:\Program Files (x86)\Microchip\xc8\v2.10\pic\sources\c90\common\xxtofl.c estimated size: 189

shared
		__initialization		CODE           	000F	0000	32

shared estimated size: 32

SPI.c
		_spiWrite      		CODE           	0BDD	0000	7
		_spiInit       		CODE           	0C02	0000	23
		_spiReceiveWait		CODE           	0BE3	0000	8
		_spiRead       		CODE           	0BEA	0000	10

SPI.c estimated size: 48

MAIN.c
		_ISR           		CODE           	0BF3	0000	16
		_main          		CODE           	0E39	0000	456
		_setup         		CODE           	0C78	0000	40

MAIN.c estimated size: 512

C:\Program Files (x86)\Microchip\xc8\v2.10\pic\sources\c90\common\sprcadd.c
		___flsub       		CODE           	0C2F	0000	37
		___fladd       		CODE           	0393	0000	649

C:\Program Files (x86)\Microchip\xc8\v2.10\pic\sources\c90\common\sprcadd.c estimated size: 686

